============================= test session starts =============================
platform win32 -- Python 3.12.10, pytest-9.0.3, pluggy-1.6.0 -- D:\PythonProject\HouseInsight-Agent\.venv\Scripts\python.exe
cachedir: .pytest_cache
rootdir: D:\PythonProject\HouseInsight-Agent
configfile: pyproject.toml
plugins: anyio-4.13.0, langsmith-0.8.3
collecting ... collected 26 items

tests/test_api.py::test_api_flow PASSED                                  [  3%]
tests/test_functional_metrics.py::test_fc01_fc02_fc03_pipeline PASSED    [  7%]
tests/test_functional_metrics.py::test_fc04_api_run_matches_direct_run_agent PASSED [ 11%]
tests/test_functional_metrics.py::test_fc05_ws_event_sequence PASSED     [ 15%]
tests/test_graph_smoke.py::test_graph_smoke_mock PASSED                  [ 19%]
tests/test_graph_smoke.py::test_graph_mock_runs_search_text_when_goal_mentions_transit PASSED [ 23%]
tests/test_plan_generation_error.py::test_plan_node_surfaces_error_when_llm_structured_fails PASSED [ 26%]
tests/test_session_store.py::test_session_store_roundtrip PASSED         [ 30%]
tests/test_session_store.py::test_global_store_singleton PASSED          [ 34%]
tests/test_spec_success_criteria.py::test_autonomy_pipeline_uses_real_fixture PASSED [ 38%]
tests/test_spec_success_criteria.py::test_row_fingerprint_and_cell_consistency PASSED [ 42%]
tests/test_spec_success_criteria.py::test_adaptation_tool_sequence_changes PASSED [ 46%]
tests/test_spec_success_criteria.py::test_max_iterations_stops_cleanly PASSED [ 50%]
tests/test_spec_success_criteria.py::test_filter_rows_by_fingerprint_matches_single_row PASSED [ 53%]
tests/test_ws_run_events.py::test_ws_run_streams_tool_events PASSED      [ 57%]
tests/test_ws_schema.py::test_websocket_emits_schema_then_ready PASSED   [ 61%]
tests/tools/test_analyze_tools.py::test_filter_rows_and PASSED           [ 65%]
tests/tools/test_clean_tools.py::test_parse_numeric_wan PASSED           [ 69%]
tests/tools/test_explore_tools.py::test_get_data_profile_basic PASSED    [ 73%]
tests/tools/test_explore_tools.py::test_get_basic_stats_missing_column PASSED [ 76%]
tests/tools/test_filter_coerce.py::test_coerce_filter_conditions PASSED  [ 80%]
tests/tools/test_filter_coerce.py::test_coerce_nested_structured_filter PASSED [ 84%]
tests/tools/test_house_tools.py::test_parse_house_info_pipe_string PASSED [ 88%]
tests/tools/test_search_text.py::test_search_text_any_term_hits_description_not_location PASSED [ 92%]
tests/tools/test_search_text.py::test_search_text_location_only_would_miss PASSED [ 96%]
tests/tools/test_search_text.py::test_search_text_all_terms_concat PASSED [100%]

============================== warnings summary ===============================
.venv\Lib\site-packages\_pytest\config\__init__.py:1434
  D:\PythonProject\HouseInsight-Agent\.venv\Lib\site-packages\_pytest\config\__init__.py:1434: PytestConfigWarning: Unknown config option: asyncio_mode
  
    self._warn_or_fail_if_strict(f"Unknown config option: {key}\n")

-- Docs: https://docs.pytest.org/en/stable/how-to/capture-warnings.html
======================== 26 passed, 1 warning in 2.15s ========================
